Reading input parameters from: input.json
Initializing input files...
  spin_file: Cr_otolyl_4.h5
  phonon_file: phonon.h5
  d1_file: Cr_otolyl_4_d1.h5
  d2_file: d_16.h5
  g2_file: g_16.h5
  atoms_file: Sn_otolyl_4_atoms.h5
  indices_file: molecule_indices.h5
  mol_mass: mol_mass.h5
2025-10-10 13:39:19
---------------------------------------
|Start Spin-phonon coupling simulation|
---------------------------------------


Input Parameters
================
Magnetic field: [0.   0.   0.41]
S: 1
T: 5.0
Number of unit cells: 50
Broadening: 1.0
Population type: pure
Polarization: [0 0 1]
Rotational matrix:
[[0 0 1]
 [1 0 0]
 [0 1 0]]


Spin Hamiltonian
[[-3.61376628e-01+0.00000000e+00j -2.91812008e-06+1.06333248e-05j
   5.11553213e-02-7.05205722e-06j]
 [-2.91812008e-06-1.06333248e-05j -3.41022461e-02+0.00000000e+00j
   2.91812008e-06-1.06333248e-05j]
 [ 5.11553213e-02+7.05205722e-06j  2.91812008e-06+1.06333248e-05j
   3.95478874e-01+0.00000000e+00j]]


Eigenvalues of the spin Hamiltonian
[-0.36481853 -0.03410225  0.39892077]


Initialize simulation
=====================
Computing linear and quadratic coupling
Running in serial mode.


Initializing R1 tensor (Linear coupling)
Eigenvalues of the R1 matrix
[-7.58667475e+03+2.29084924e-13j -6.38860182e+03+2.04917103e-13j
 -4.43206606e+03-6.17862218e-13j -3.59220371e+03+3.20963000e-13j
  5.08795295e-12+6.61490434e-14j -6.82711695e+02-1.48816311e-13j
 -1.01603012e+03+1.59702903e-13j -1.55496452e+03+2.75645369e-13j
 -1.89462756e+03+2.49180632e-13j]


Initializing R2 tensor (Quadratic coupling)
Number of tasks per process: 58653
Eigenvalues of the R2 matrix
[-7.64665795e+02-3.41017720e-14j -6.28162322e+02+2.53751893e-15j
 -5.88361088e+02+2.14493946e-14j -5.40094994e+02-4.00574650e-14j
  3.32044503e-12+3.17624404e-15j -2.26146073e+02-4.74845855e-15j
 -1.34649707e+02+7.87856726e-14j -1.05801324e+02+1.01395004e-14j
 -1.70499037e+02+3.03209249e-14j]


Eigenvalues of the Redfield matrix
[-8.32645270e+03+4.79372864e-14j -6.96442342e+03-2.02997631e-13j
 -5.00639954e+03+1.88747491e-13j -4.06763728e+03+2.49690690e-13j
  8.22548089e-12+2.45447719e-13j -8.03140622e+02-9.38716507e-14j
 -1.20061821e+03-2.36810370e-14j -1.82002065e+03+2.19803262e-13j
 -2.11756815e+03-5.74232710e-13j]


Initial spin population:
[[0.+0.j 0.+0.j 0.+0.j]
 [0.+0.j 0.+0.j 0.+0.j]
 [0.+0.j 0.+0.j 1.+0.j]]


Start time evolution


Equilibrium M_parallel: 0.07609010766145541
Initial Magnetization: 1.0000
Fitted Equilibrium Magnetization: 0.0761
RÂ² = 0.9983
T1 from magnetization decay
T1 =  0.00024210452040129466 s
T1_err =  8.287624090381662e-07 s


Saving data
Data has been saved to Spin_phonon_5K_1.0_50_0.0.h5


Initiate simulation: 0h 0m 42.77s
Build R1: 0h 0m 0.57s
Build R2: 0h 1m 54.52s
Time evolution: 0h 0m 0.01s
Measuring Time: 0h 0m 0.15s
Total Run Time: 0h 2m 38.04s
Job completed. Results saved to Spin_phonon_5K_1.0_50_0.0.h5
